
Memory Configuration

Name             Origin             Length             Attributes
flash            0x08000000         0x00020000         xr
sram             0x20000000         0x00005000         xrw
*default*        0x00000000         0xffffffff

Linker script and memory map


.text           0x08000000      0x130
 startup.o(.vectors*)
 *(.text*)
 .text          0x08000000       0x90 startup.o
                0x08000000                H_Fault_Handler
                0x08000000                Defult_Handler
                0x08000000                NMI_Handler
                0x0800000c                Reset_Handler
 .text          0x08000090       0x90 main.o
                0x08000090                main
 *(.rodata)
 .rodata        0x08000120       0x10 startup.o
                0x08000120                g_p_fn_vectors
                0x08000130                _E_text = .

.glue_7         0x08000130        0x0
 .glue_7        0x08000130        0x0 linker stubs

.glue_7t        0x08000130        0x0
 .glue_7t       0x08000130        0x0 linker stubs

.vfp11_veneer   0x08000130        0x0
 .vfp11_veneer  0x08000130        0x0 linker stubs

.v4_bx          0x08000130        0x0
 .v4_bx         0x08000130        0x0 linker stubs

.iplt           0x08000130        0x0
 .iplt          0x08000130        0x0 startup.o

.rel.dyn        0x08000130        0x0
 .rel.iplt      0x08000130        0x0 startup.o

.data           0x20000000        0x0
                0x20000000                _S_data = .
 *(.data)
 .data          0x20000000        0x0 startup.o
 .data          0x20000000        0x0 main.o
                0x20000000                _E_data = .

.igot.plt       0x20000000        0x0
 .igot.plt      0x20000000        0x0 startup.o

.bss            0x20000000      0x400
                0x20000000                _S_bss = .
 *(.bss)
 .bss           0x20000000      0x400 startup.o
 .bss           0x20000400        0x0 main.o
                0x20000400                _E_bss = .
LOAD main.o
LOAD startup.o
OUTPUT(learn_in_depth_cortex_m4.elf elf32-littlearm)

.debug_info     0x00000000      0x209
 .debug_info    0x00000000      0x1a4 startup.o
 .debug_info    0x000001a4       0x65 main.o

.debug_abbrev   0x00000000      0x134
 .debug_abbrev  0x00000000       0xda startup.o
 .debug_abbrev  0x000000da       0x5a main.o

.debug_loc      0x00000000       0xb4
 .debug_loc     0x00000000       0x7c startup.o
 .debug_loc     0x0000007c       0x38 main.o

.debug_aranges  0x00000000       0x40
 .debug_aranges
                0x00000000       0x20 startup.o
 .debug_aranges
                0x00000020       0x20 main.o

.debug_line     0x00000000       0xca
 .debug_line    0x00000000       0x67 startup.o
 .debug_line    0x00000067       0x63 main.o

.debug_str      0x00000000      0x16b
 .debug_str     0x00000000      0x153 startup.o
                                0x187 (size before relaxing)
 .debug_str     0x00000153       0x18 main.o
                                 0xa8 (size before relaxing)

.comment        0x00000000       0x7e
 .comment       0x00000000       0x7e startup.o
                                 0x7f (size before relaxing)
 .comment       0x0000007e       0x7f main.o

.ARM.attributes
                0x00000000       0x33
 .ARM.attributes
                0x00000000       0x33 startup.o
 .ARM.attributes
                0x00000033       0x33 main.o

.debug_frame    0x00000000       0x7c
 .debug_frame   0x00000000       0x50 startup.o
 .debug_frame   0x00000050       0x2c main.o
