
Memory Configuration

Name             Origin             Length             Attributes
flash            0x08000000         0x00020000         xr
sram             0x02000000         0x00005000         xrw
*default*        0x00000000         0xffffffff

Linker script and memory map


.text           0x08000000      0x10f
 startup.o(.vectors*)
 *(.text*)
 .text          0x08000000       0x90 startup.o
                0x08000000                MM_Handler
                0x08000000                H_Fault_Handler
                0x08000000                Defult_Handler
                0x08000000                Bus_Handler
                0x08000000                Usage_Fault_Handler
                0x08000000                NMI_Handler
                0x0800000c                Reset_Handler
 .text          0x08000090       0x7c main.o
                0x08000090                main
 *(.rodata)
 .rodata        0x0800010c        0x3 main.o
                0x0800010c                const_varibles
                0x0800010f                _E_text = .

.glue_7         0x08000110        0x0
 .glue_7        0x08000110        0x0 linker stubs

.glue_7t        0x08000110        0x0
 .glue_7t       0x08000110        0x0 linker stubs

.vfp11_veneer   0x08000110        0x0
 .vfp11_veneer  0x08000110        0x0 linker stubs

.v4_bx          0x08000110        0x0
 .v4_bx         0x08000110        0x0 linker stubs

.iplt           0x08000110        0x0
 .iplt          0x08000110        0x0 startup.o

.rel.dyn        0x08000110        0x0
 .rel.iplt      0x08000110        0x0 startup.o

.data           0x02000000       0x23
                0x02000000                _S_data = .
 *(.data)
 .data          0x02000000       0x1c startup.o
                0x02000000                vectors
 .data          0x0200001c        0x7 main.o
                0x0200001c                R_ODR
                0x02000020                g_varibls
                0x02000023                _E_data = .

.igot.plt       0x02000024        0x0
 .igot.plt      0x02000024        0x0 startup.o

.bss            0x02000023     0x1001
                0x02000023                _S_bss = .
 *(.bss)
 .bss           0x02000023        0x0 startup.o
 .bss           0x02000023        0x0 main.o
                0x02000023                _E_bss = .
                0x02000024                . = ALIGN (0x4)
 *fill*         0x02000023        0x1 
                0x02001024                . = (. + 0x1000)
 *fill*         0x02000024     0x1000 
                0x02001024                _stack_top = .
LOAD main.o
LOAD startup.o
OUTPUT(learn_in_depth_cortex_m3.elf elf32-littlearm)

.debug_info     0x00000000      0x32c
 .debug_info    0x00000000      0x18f startup.o
 .debug_info    0x0000018f      0x19d main.o

.debug_abbrev   0x00000000      0x1cb
 .debug_abbrev  0x00000000       0xd4 startup.o
 .debug_abbrev  0x000000d4       0xf7 main.o

.debug_loc      0x00000000       0xb4
 .debug_loc     0x00000000       0x7c startup.o
 .debug_loc     0x0000007c       0x38 main.o

.debug_aranges  0x00000000       0x40
 .debug_aranges
                0x00000000       0x20 startup.o
 .debug_aranges
                0x00000020       0x20 main.o

.debug_line     0x00000000      0x267
 .debug_line    0x00000000      0x13c startup.o
 .debug_line    0x0000013c      0x12b main.o

.debug_str      0x00000000      0x1ae
 .debug_str     0x00000000      0x158 startup.o
                                0x195 (size before relaxing)
 .debug_str     0x00000158       0x56 main.o
                                0x16c (size before relaxing)

.comment        0x00000000       0x7e
 .comment       0x00000000       0x7e startup.o
                                 0x7f (size before relaxing)
 .comment       0x0000007e       0x7f main.o

.ARM.attributes
                0x00000000       0x33
 .ARM.attributes
                0x00000000       0x33 startup.o
 .ARM.attributes
                0x00000033       0x33 main.o

.debug_frame    0x00000000       0x7c
 .debug_frame   0x00000000       0x50 startup.o
 .debug_frame   0x00000050       0x2c main.o
